To honour the JVM settings for this build a new JVM will be forked. Please consider using the daemon: https://docs.gradle.org/4.10.3/userguide/gradle_daemon.html.
Daemon will be stopped at the end of the build stopping after processing

> Configure project :
MixinGradle is skipping eclipse integration, extension not found
New Dep: net.minecraftforge:forge:1.12.2-14.23.5.2860_mapped_snapshot_20180814-1.12

> Task :downloadMcpConfig
> Task :extractSrg UP-TO-DATE
> Task :createMcpToSrg UP-TO-DATE

> Task :compileJava
注: SpongePowered MIXIN Annotation Processor Version=0.8.3 (MixinGradle Version=0.7)
注: ObfuscationServiceMCP supports type: "notch"
注: ObfuscationServiceFG3 supports type: "searge"
注: Writing refmap to C:\Users\ASUS\Desktop\Mod开发\CNPC lines\1.12.2Forge\build\tmp\compileJava\compileJava-refmap.json
注: Writing refmap to C:\Users\ASUS\Desktop\Mod开发\CNPC lines\1.12.2Forge\build\tmp\compileJava\compileJava-refmap.json
注: Writing searge composite mappings to C:\Users\ASUS\Desktop\Mod开发\CNPC lines\1.12.2Forge\build\tmp\compileJava\compileJava-mappings.tsrg
注: Writing refmap to C:\Users\ASUS\Desktop\Mod开发\CNPC lines\1.12.2Forge\build\tmp\compileJava\compileJava-refmap.json
注: Writing refmap to C:\Users\ASUS\Desktop\Mod开发\CNPC lines\1.12.2Forge\build\tmp\compileJava\compileJava-refmap.json
注: Writing searge composite mappings to C:\Users\ASUS\Desktop\Mod开发\CNPC lines\1.12.2Forge\build\tmp\compileJava\compileJava-mappings.tsrg
注: 某些输入文件使用或覆盖了已过时的 API。
注: 有关详细信息, 请使用 -Xlint:deprecation 重新编译。

> Task :addMixinsToJar
> Task :processResources
> Task :classes
> Task :jar
> Task :configureReobfTaskForReobfJar
> Task :reobfJar
> Task :assemble
> Task :compileTestJava NO-SOURCE
> Task :processTestResources NO-SOURCE
> Task :testClasses UP-TO-DATE
> Task :test NO-SOURCE
> Task :check UP-TO-DATE
> Task :build

Deprecated Gradle features were used in this build, making it incompatible with Gradle 5.0.
Use '--warning-mode all' to show the individual deprecation warnings.
See https://docs.gradle.org/4.10.3/userguide/command_line_interface.html#sec:command_line_warnings

BUILD SUCCESSFUL in 16s
9 actionable tasks: 7 executed, 2 up-to-date
